Gg, Gg, Gg, Gg, Gg, Gg, Gg, Gg, Gg, Gg, Gg, Gg, Gg, Gg, Gg, Gg, Gg, Gg, Gg, Gg, Wwf^Qhux, Wwf^Qhux, Gg, Gg, Gg, Gg, Gg, Gg, Gg, Gg, Gg, Gg, Gg, Gg, Gg, Gg, Gg, Gg, Gg, Gg
Gg, Gg, Gg, Gg, Gg, Gg, Gg, Gg, Gg, Gg, Gg, Gg, Gg, Gg, Gg, Gg, Gg, Gg, Gg, Gg, Wwf^Qhux, Wwf^Qhux, Gg, Gg, Gg, Gg, Gg, Gg, Gg, Gg, Gg, Gg, Gg, Gg, Gg, Gg, Ce, Gg, Gg, Gg
Gg, Gg, Gg, Gg, Cer, Cer, Cer, Gg, Gg, Gg, Gg, Gg, Gg, Gg, Gg, Gg, Gg, Gg, Gg^_ml, Gg, Wwf^Qhux, Gg, Gg, Gg, Gg, Gg, Gg^Efm, Gg^Efm, Gg^Efm, Gg^Efm, Gg, Gg, Gg, Gg, Gg^Efm, Ce, 1 Ke, Ce, Gg, Gg
Gg, Gg, Gg, Cer, Cer, 2 Ker, Cer, Cer, Gg, Gg, Gg, Gg, Gg, Gg, Gs^Fp, Gg, Gs^Fp, Gs^Fp, Gg, Ww^Qhux, Gg, Gg, Gg, Gg, Gg, Gg^Efm, Gg, Gg^Efm, Gg, Gg^Efm, Gs^Fp, Gg, Gg, Gg^Efm, Gg^Efm, Ce, Ce, Ce, Gg, Gg
Gg, Gg, Gg, Cer, Gg, Cer, Gg, Gg, Gg, Gg, Gg, Gg, Gs^Fp, Gs^Fp, Gs^Fp, Gs^Fp, Gg, Gg, Ww^Qhux, Ww^Qhux, Ww^Qhux, Gg, Gg, Gg, Gg, Gg, Gg, Gg, Gs^Fp, Gs^Fp, Gs^Fp, Gs^Fp, Gg, Gg, Gg, Gg^Efm, Gg^Efm, Gg, Gg, Gg
Gg, Gg, Gg, Gg, Gg, Gg, Gg, Gg, Gg, Gg, Gs^Fp, Gg, Gs^Fp, Gs^Fp, Gs^Fp, Gg, Gg, Gg, Ww^Qhux, Ww^Qhux, Ww^Qhux, Gg, Gg, Gg, Gg, Gg, Gs^Fp, Gs^Fp, Gs^Fp, Gs^Fp, Gs^Fp, Gs^Fp, Gg, Gg, Gg^Ve, Gg, Gg^Efm, Gg^Efm, Gg, Gg
Gg, Gg, Gg, Gg, Gg, Gg, Gg, Gg, Gg, Gs^Fp, Gs^Fp, Gs^Fp, Gs^Fp, Gs^Fp, Gg, Gg, Ww^Qhux, Ww^Qhux, Gs^Fp, Gg, Gg, Ww^Qhux, Gg, Gs^Fp, Gs^Fp, Gs^Fp, Gs^Fp, Gs^Fp, Gs^Fp, Gs^Fp, Gs^Fp, Gs^Fp, Gg, Gg, Gg, Gg, Gg, Gg, Gg, Gg
Gg, Gg, Gg, Gg, Gg, Gg, Gg, Gg, Gg, Gg, Gg, Gg^Ve, Gg, Gg, Gg, Ww^Qhux, Gg, Gs^Fp, Gs^Fp, Gs^Fp, Gg, Ww^Qhux, Ww^Qhux, Gs^Fp, Gs^Fp, Gs^Fp, Gs^Fp, Gg^Fet, Gs^Fp, Gs^Fp, Gs^Fp, Gs^Fp, Gg, Gg, Rp, Gg, Gg, Gg, Gg, Gg
Gg, Gg, Gg, Gg, Gg, Gg, Gg, Gg, Gs^Fp, Gg, Gs^Fp, Gg, Gg, Gg, Ww^Qhux, Ww^Qhux, Gs^Fp, Gs^Fp, Gs^Fp, Gs^Fp, Gs^Fp, Gg, Ww^Qhux, Gs^Fp, Gs^Fp, Gs^Fp, Gs^Fp, Gs^Fp, Gs^Fp, Gs^Fp, Gg, Gs^Fp, Gg, Gg, Rp, Gg, Gg, Gg, Gg, Gg
Gg, Gg, Gg, Gg, Gg, Gg, Gs^Fp, Gg, Gs^Fp, Gs^Fp, Gs^Fp, Gs^Fp, Ww^Qhux, Ww^Qhux, Gs^Fp, Gs^Fp, Gs^Fp, Gs^Fp, Gs^Fp, Gs^Fp, Gs^Fp, Gg, Ww^Qhux, Gs^Fp, Gs^Fp, Gs^Fp, Gs^Fp, Gs^Fp, Gg, Gs^Fp, Gg, Gg, Gg, Gg, Rp, Gg, Gg, Gg, Gg, Gg
Gg, Gg, Gg, Gg, Gg, Gg, Gg, Gs^Fp, Gg, Gg, Gg, Gs^Fp, Ww^Qhux, Gg, Gg, Gs^Fp, Gs^Fp, Gs^Fp, Gs^Fp, Gs^Fp, Gs^Fp, Gs^Fp, Gg, Ww^Qhux, Gs^Fp, Gs^Fp, Gs^Fp, Gg, Gg, Gg, Gg, Gg, Gg, Gg, Gg, Rp, Gg, Gg, Gg, Gg
Gg, Gg, Gg, Gg, Gs^Fp, Gg, Gg, Gg, Gg, Gg, Gg, Gg, Ww^Qhux, Gg, Re, Re, Gs^Fp, Gs^Fp, Gs^Fp, Gs^Fp, Gg, Gg, Gg, Ww^Qhux, Ds, Gs^Fp, Ds, Gg, Gg, Gg, Gg, Gg, Gs^Fp, Gs^Fp, Gs^Fp, Rp, Gg, Gg, Gg, Gg
Gg, Gg, Gg, Gs^Fp, Gs^Fp, Gg, Gs^Fp, Gs^Fp, Re, Gs^Fp, Gs^Fp, Ww^Qhux, Gs^Fp, Gs^Fp, Gs^Fp, Re, Re, Gs^Fp, Gg, Gg^Ve, Gg, Gg, Gg, Wwf^Qhux, Ds, Ds, Ds, Gg, Gg, Gg, Gg, Gs^Fp, Gs^Fp, Gs^Fp, Gg, Rp, Gg, Gg, Gg, Gg
Gg, Gg, Gg^Ve, Gs^Fp, Gs^Fp, Gs^Fp, Re, Re, Re, Gs^Fp, Ww^Qhux, Ww^Qhux, Ww^Qhux, Gs^Fp, Gs^Fp, Re, Re, Re, Re, Gg, Gg, Gg, Ww^Qhux, Wwf^Qhux, Ds, Ds, Ds, Gg, Gg, Gg, Gg, Gs^Fp, Gs^Fp, Gs^Fp, Rp, Rp, Gg, Gg, Gg, Gg
Gg, Gg, Gg, Gg, Re, Gs^Fp, Re, Re, Re, Gs^Fp, Gs^Fp, Ww^Qhux, Gs^Fp, Gs^Fp, Gs^Fp, Gs^Fp, Gs^Fp, Re, Gs^Fp, Gs^Fp, Gs^Fp, Gg, Ww^Qhux, Ds, Ds, Ds, Gs^Fp, Gg, Gg, Gg, Gg, Gs^Fp, Gs^Fp, Gg, Rp, Gg, Gg, Gg, Gg, Gg
Re, Re, Re, Re, Re, Re, Re, Re, Gs^Fp, Gs^Fp, Gs^Fp, Gg^Fet, Gs^Fp, Gs^Fp, Gs^Fp, Gs^Fp, Gs^Fp, Re, Gg, Gs^Fp, Gg, Gg, Ww^Qhux, Ds, Ds, Gs^Fp, Gs^Fp, Gs^Fp, Gg, Gg, Gg, Gg, Gg, Gg, Rp, Gg^Efm, Gg, Gg, Gs^Fp, Gs^Fp
Re, Re, Gs^Fp, Re, Re, Re, Gs^Fp, Gs^Fp, Gs^Fp, Gs^Fp, Gs^Fp, Gs^Fp, Gs^Fp, Gs^Fp, Gs^Fp, Gs^Fp, Gg, Re, Gg, Gg, Ww^Qhux, Ww^Qhux, Ds, Ds, Gg, Gs^Fp, Gg, Gg, Gg^Efm, Gg, Gg^Efm, Gg^Efm, Gg^Efm, Gg^Efm, Rp, Gg, Gg, Gs^Fp, Gs^Fp, Gs^Fp
Gs^Fp, Gs^Fp, Gs^Fp, Gs^Fp, Re, Gs^Fp, Gs^Fp, Gs^Fp, Gs^Fp, Gs^Fp, Gg, Gs^Fp, Gs^Fp, Gs^Fp, Gs^Fp, Gs^Fp, Gg, Gg, Gg, Ww^Qhux, Ww^Qhux, Ds, Ds, Gs^Fp, Gg, Gg, Gg, Gg, Gg, Gg^Efm, Gg, Gg, Rp, Rp, Gg, Gg, Gg, Gs^Fp, Gs^Fp, Gs^Fp
Gs^Fp, Gs^Fp, Gs^Fp, Gs^Fp, Gs^Fp, Re, Re, Gs^Fp, Gs^Fp, Gs^Fp, Gs^Fp, Gs^Fp, Gs^Fp, Gs^Fp, Gs^Fp, Gg, Gg, Gg, Ww^Qhux, Ww^Qhux, Ww^Qhux, Ds, Gg, Gs^Fp, Gg, Gg, Gg, Gg, Gg, Gg, Gg, Gg, Rp, Gg, Gs^Fp, Gg, Gs^Fp, Gs^Fp, Gs^Fp, Gs^Fp
Gs^Fp, Gs^Fp, Gs^Fp, Gs^Fp, Gs^Fp, Re, Re, Gg^Ve, Gs^Fp, Gs^Fp, Gs^Fp, Gs^Fp, Gs^Fp, Gs^Fp, Gg, Gg, Gg, Ww^Qhux, Ww^Qhux, Ww^Qhux, Ds, Ds, Gg, Gg, Gg, Gg, Gg, Gg, Gg, Gg, Gs^Fp, Gg, Rp, Gg, Gs^Fp, Gs^Fp, Gs^Fp, Gs^Fp, Gs^Fp, Gs^Fp
Gs^Fp, Gs^Fp, Gs^Fp, Gs^Fp, Gs^Fp, Gs^Fp, Gs^Fp, Re, Re, Gs^Fp, Gs^Fp, Gs^Fp, Gs^Fp, Gg, Gs^Fp, Gg, Ww^Qhux, Ww^Qhux, Ww^Qhux, Ds, Gg, Gg, Gg^Efm, Gg, Gg, Gg, Gs^Fp, Gs^Fp, Gs^Fp, Gs^Fp, Gs^Fp, Gg, Rp, Gs^Fp, Gs^Fp, Gg^Fet, Gs^Fp, Gg^Ve, Gs^Fp, Gs^Fp
Gs^Fp, Gs^Fp, Gg^Fet, Gs^Fp, Gs^Fp, Gs^Fp, Gs^Fp, Gs^Fp, Gs^Fp, Re, Gs^Fp, Gs^Fp, Rp, Rp, Rp, Gg, Ww^Qhux, Ww^Qhux, Ds, Ds, Gg, Gg^Efm, Gg^Efm, Gg^Efm, Gg, Gg, Gs^Fp, Gs^Fp, Gg, Gs^Fp, Rp, Rp, Gs^Fp, Rp, Cvr, Gs^Fp, Gs^Fp, Gs^Fp, Gs^Fp, Gs^Fp
Gs^Fp, Gs^Fp, Gs^Fp, Gs^Fp, Gs^Fp, Gs^Fp, Gs^Fp, Gs^Fp, Gs^Fp, Re, Rp, Rp, Gg^Ve, Gs^Fp, Rp, Ww^Qhux, Ww^Qhux, Ww^Qhux, Ds, Ds, Ds, Gg, Gg^Efm, Gg^Efm, Gg, Gg, Gs^Fp, Gg, Gg^Ve, Gg, Rp, Gg^Fet, Gs^Fp, Cvr, Cvr^Ii, Cvr, Gs^Fp, Gs^Fp, Gs^Fp, Gs^Fp
Gs^Fp, Gs^Fp, Gs^Fp, Gs^Fp, Gs^Fp, Gs^Fp, Gs^Fp, Gg^Fet, Rp, Rp, Rp, Gg, Gs^Fp, Gs^Fp, Rp, Ww^Qhux, Ww^Qhux, Ds, Gg, Ds, Gs^Fp, Gg, Gg, Gg, Gg, Gs^Fp, Gg, Gg, Gs^Fp, Gg, Rp, Gs^Fp, Gg, Cvr, Cvr, Cvr, Gs^Fp, Gg^Fet, Gs^Fp, Gs^Fp
Gs^Fp, Gs^Fp, Gs, Gs^Fp, Gs^Fp, Gs^Fp, Gs^Fp, Rp, Gs^Fp, Gs^Fp, Re, Rp, Rp, Rp, Ww^Qhux, Ww^Qhux, Rp, Gg, Rp, Gs^Fp, Gg, Gs^Fp, Gs^Fp, Gg, Gg, Gs^Fp, Gg, Gg, Gs^Fp, Gg, Rp, Gg, Gs^Fp, Gs^Fp, Gs^Fp, Rp, Gs^Fp, Gs^Fp, Gs^Fp, Gs^Fp
Gs^Fp, Gs^Fp, Cvr^Ii, Cvr, Cvr, Gg^Ve, Gs^Fp, Rp, Gs^Fp, Gs^Fp, Re, Gg, Gg, Gg, Ww^Qhux, Ww^Qhux, Gg, Rp, Gs^Fp, Rp, Gg^Ve, Gg, Gg, Gs^Fp, Gg, Gg, Gg, Gg, Gs^Fp, Gs^Fp, Rp, Gg, Gs^Fp, Gg^Fet, Gs^Fp, Rp, Gs^Fp, Gs, Gs^Fp, Gs^Fp
Gs^Fp, Gs^Fp, Rp, Cvr, Gs^Fp, Gs^Fp, Rp, Rp, Gs^Fp, Gs^Fp, Re, Gg, Ww^Qhux, Ww^Qhux, Ds, Ds, Ds, Gs^Fp, Gs^Fp, Gs^Fp, Gg, Gg, Gg, Gg, Gg, Gg, Gs^Fp, Gs^Fp, Gs^Fp, Gg, Rp, Gs^Fp, Gs^Fp, Gs^Fp, Gg, Rp, Rp, Gs^Fp, Rp, Gs^Fp
Gs^Fp, Rp, Gs^Fp, Rp, Rp, Rp, Gs^Fp, Gs^Fp, Re, Re, Gg, Gg, Ww^Qhux, Ww^Qhux, Ds, Ds, Ds, Ds, Gg, Gs^Fp, Gs^Fp, Gg, Gs^Fp, Gg, Gg^Efm, Gg, Gg^Efm, Gg, Gg, Rp, Gg, Gs^Fp, Gs^Fp, Gs^Fp, Gs^Fp, Gs^Fp, Gs^Fp, Rp, Gs^Fp, Rp
Rp, Rp, Gs^Fp, Gg^Fet, Gs^Fp, Gs^Fp, Gs^Fp, Gs^Fp, Re, Re, Gg, Ww^Qhux, Ww^Qhux, Ds, Ds, Ds, Ds, Ds, Ds, Gg, Gg, Gg, Gg, Gg^Efm, Gg^Efm, Gg^Efm, Gg^Efm, Gg^Efm, Rp, Rp, Gs^Fp, Gs^Fp, Gs^Fp, Gs^Fp, Gs^Fp, Gs^Fp, Gg^Fet, Gs^Fp, Gs^Fp, Gs^Fp
Gs^Fp, Gs^Fp, Gs^Fp, Gs^Fp, Gs^Fp, Gs^Fp, Gs^Fp, Re, Re, Gg, Ww^Qhux, Ww^Qhux, Ds, Ds, Ds, Ds, Ds, Ds, Ds, Ds, Gg, Gg, Gg, Gg^Efm, Gg^Efm, Gg^Efm, Rp, Rp, Gg, Gg, Gs^Fp, Gs^Fp, Gs^Fp, Gs^Fp, Gs^Fp, Gs^Fp, Gs^Fp, Gs^Fp, Gs^Fp, Gs^Fp
Gs^Fp, Gs^Fp, Gs^Fp, Gs^Fp, Gs^Fp, Gs^Fp, Gs^Fp, Re, Gg, Gg, Ww^Qhux, Ww^Qhux, Ds, Ds, Ds, Ds, Ds, Ds, Ds, Ds, Ds, Gg, Gg, Gg, Gg, Gg, Rp, Gg, Gs^Fp, Gs^Fp, Gs^Fp, Gs^Fp, Gs^Fp, Gs^Fp, Gs^Fp, Gs^Fp, Gs^Fp, Gs^Fp, Gs^Fp, Gs^Fp
Gs^Fp, Gs^Fp, Gs^Fp, Gs^Fp, Gs^Fp, Gs^Fp, Gs^Fp, Re, Gg, Gg, Ww^Qhux, Ww^Qhux, Ds, Ds, Ds, Ds, Ds, Ds, Ds, Ds, Ds, Gg, Gg, Gg, Gg, Gg, Rp, Gg, Gs^Fp, Gs^Fp, Gs^Fp, Gs^Fp, Gs^Fp, Gs^Fp, Gs^Fp, Gs^Fp, Gs^Fp, Gs^Fp, Gs^Fp, Gs^Fp
