Hhd, Md, Rp^Emf, Rp, Rp, Aa, Aa^Fda, Aa, Aa, Gd, Gll, Hhd, Gs, Gs^Efm, Ha, Ha, Ha^Esa, Aa^Fda, Hhd, Gd, Wwf^Qhux, Wwf^Qhux, Aa^Esa, Aa, Ha, Ha, Rp, Gd, Gs, Hh, Aa, Hh, Hh, Md, Hhd, Gs, Gs^Em, Gg, Gs, Hh
Md, Hhd^Em, Gd^Fetd, Re, Rb^Edb, Rb^Edb, Rp, Hhd, Hhd^Dr, Gs^Esa, Ss, Gll, Gg, Gg, Gg, Aa, Gs, Aa^Esa, Gd, Ha, Wwf^Qhux, Wwf^Qhux, Hhd, Ha^Esa, Gs, Rp, Gg, Gg, Gg^Ve, Gg, Gg, Ha, Gs, Hhd, Gll^Fdw, Gd^Emf, Ce^Em, Gg, Rb, Rp
Md, Rb, Re^Vhr, Re^Edb, Cer^Edb, Cer^Edb, Cer^Emf, Re, Hhd, Gs^Fp, Ss, Gd^Fdw, Gg, Gg, Gg, Gg, Gg, Gs, Gg^_ml, Gs, Wwf^Qhux, Hhd, Gs^Em, Gd^Fdw, Gs, Gg, Aa, Gg, Gg, Gg, Gg^Es, Gg, Gg, Gs^Fdw, Gs, Ce, 1 Ke, Ce, Re, Re
Gll, Gll, Gd^Fdw, Md, Cer, Ker, Cer, Cer^Em, Re, Gd, Gg, Gg, Gg, Gg, Hhd, Md, Gs^Esa, Gs^Fp, Gg, Ww^Qhux, Gs, Gd, Gg, Gs, Gg, Gg, Gg, Gg, Gs^Fdw, Aa, Aa^Fda, Gg, Gg, Gg, Ce, 2 Ke, Ce, Hhd, Gs, Gg
Gll, Hh, Hhd^Fdw, Cer, Rp, Cer, Gd^Fdw, Re, Gg, Gs, Gg, Gg, Gs^Fp, Aa, Md, Md, Gs, Gg, Ww^Qhux, Ww^Qhux, Ww^Qhux, Gs^Fp, Gg, Gg^Es, Gg, Gg, Hh, Gd^Fdw, Hhd^Fp, Gs^Fp, Hhd^Fdw, Aa^Fda, Gs^Edt, Gg, Gg^Ebn, Ce^Edt, Gs^Edt, Gd, Gd^Fdw, Ss
Gs, Gll^Fdw, Gs, Rp, Gs^Edb, Re^Edb, Gd, Gs^Dr, Gg, Gg, Gd^Fdw, Gs, Hh, Hhd, Hh, Gs^Efm, Gg, Aa, Ww^Qhux, Ww^Qhux, Ww^Qhux, Gs, Re, Gg, Gg^Efm, Gg, Ss, Mm, Hhd, Hhd, Gs^Fp, Gs^Fp, Aa, Gg, Gg^Ve, Re, Gg^Efm, Gs, Gg, Ss
Aa, Gd^Esa, Aa, Ss, Re, Gs^Edb, Gg, Gg, Gg, Gs, Gs^Fp, Hh^Fp, Gs^Fp, Hh, Gg^Efm, Gg, Ww^Qhux, Ww^Qhux, Hh, Hh, Gg, Ww^Qhux, Hhd, Hhd, Hh^Fms, Ss, Ss, Hh, Gs^Fms, Gs^Fds, Hhd, Gd^Fdw, Gs, Gg, Rb, Rb, Gg, Gg, Mm, Hh
Aa, Aa, Ss, Ss, Ss, Rp, Gg, Gg, Gg, Gg^Efm, Gg, Gg^Ve, Gg, Gs^Efm, Gg^Efm, Ww^Qhux, Gg, Gs, Gll^Fmw, Hh^Fmw, Gs, Ww^Qhux, Ww^Qhux, Hhd, Gs^Fms, Gll^Fdw, Gll^Fmw, Gd^Fetd, Gs^Fp, Ss, Gs, Gs, Gg, Gg, Rp, Gs, Gg^Es, Aa, Hhd, Hhd^Fdw
Hhd, Gd^Fdw, Gs, Gs^Fp, Gg, Gg, Gg, Gg, Gg, Gg, Ss, Gg, Gs, Gg, Ww^Qhux, Ww^Qhux, Ss, Gd^Fdw, Rp, Gs^Fms, Gd^Fdw, Gs, Ww^Qhux, Gs^Fp, Ss, Gs^Fp, Gs^Fp, Hhd^Fp, Gs^Fp, Hh, Gg, Gs, Gg, Gg, Rp, Gd, Gg, Gg^Esa, Gs, Gs
Gs, Ss, Gg^Es, Gg^Edb, Gg, Gg, Gg, Ss, Ss^Vhs, Gll^Fmw, Gs^Fp, Gs^Fp, Ww^Qhux, Ww^Qhux, Hh, Gs^Fp, Hhd, Ss, Gs^Fp, Gs^Fds, Gd^Fdw, Gg, Ww^Qhux, Gs^Fp, Gd^Fdw, Gs^Fp, Hhd, Gs^Fp, Gs^Fdw, Gd^Fdw, Gg, Gg, Gg^Es, Gg, Rp, Gs, Gg, Gg, Gg, Gg
Gd, Gd, Gg, Gg^Edb, Gg, Gg, Gg, Ss, Gs, Gd, Gs, Gd^Fdw, Ww^Qhux, Gg, Gs, Gd, Gs^Fp, Gs^Fp, Hh, Hh, Gd^Fdw, Gs^Fp, Gg, Ww^Qhux, Gs^Fp, Hh^Fp, Hh, Rp, Gg, Gs, Gg, Gg, Gs, Gs, Gd, Rp, Gg, Gg, Gg, Hhd
Gs, Gg, Gg, Gg, Gs, Gg, Gs, Gg, Gs, Gg, Gg, Hh, Ww^Qhux, Gg, Re, Rb, Gd^Fdw, Gll^Fmw, Hh^Fmw, Hh^Fp, Gs^Efm, Gs^Efm, Gg, Ww^Qhux, Ds, Hh, Gd, Gs, Gg, Gg^Ve, Gg, Gg, Hh^Fp, Hh, Gs^Fp, Rp, Gg^Es, Gg, Gs, Gg
Ss, Gg, Gg, Gg, Gd^Fdw, Gs^Fdw, Gll^Edb, Gll, Re, Hh, Gs^Fp, Ww^Qhux, Hh, Hh, Gll^Fmw, Rb, Re, Hh, Aa, Gg^Ve, Gg, Gg^Es, Gg, Wwf^Qhux, Ds^Dr, Ds, Ds, Gg^Efm, Gg^Edb, Gg, Gg, Gd^Fdw, Ss, Hh^Fp, Ss, Rp, Gg, Gg^Es, Gg, Gd
Ss, Gs, Gg^Ve, Gs^Fp, Ss, Gll, Ss, Ss, Ss, Gll^Fmw, Ww^Qhux, Ww^Qhux, Ww^Qhux, Md, Gll^Fp, Re^Emf, Re^Em, Rp, Rp, Gg, Gg, Gg, Ww^Qhux, Wwf^Qhux, Ds, Ds, Ss, Gg^Edb, Gg, Gg, Gg, Ss, Gll, Gs^Fp, Rb, Rb, Gg, Gg, Gg, Hh
Gd^Fdw, Gd, Gd, Gs^Edb, Rb^Edb, Gs^Fp, Gll, Gd^Fdw, Re, Gd^Fdw, Gs^Fp, Ww^Qhux, Ss, Gs^Fp, Ss, Gs^Ve, Hh^Fp, Re^Esa, Hhd, Gs^Fdw, Gs^Fp, Gg, Ww^Qhux, Ds, Ds, Ds, Ss, Ss, Gd^Fdw, Gg, Gg, Gs^Fp, Gs^Fp, Gd, Re, Gs, Gg, Gg, Gs, Gs
Rb, Re, Re, Rp^Edb, Rp^Edb, Rb^Edb, Re, Rp, Ss, Gs^Fp, Gll^Fmw, Gd^Fetd, Gs^Fp, Gs^Fp, Ss, Ss, Hh, Re, Ss, Gs^Fp, Gs, Gg, Ww^Qhux, Ds, Ds^Es, Gd^Fdw, Hh, Gll^Fmw, Gg, Gg, Gg, Gg^Esa, Aa^Esa, Gs, Rb^Vhcr, Gg^Efm, Hh, Hh, Hhd, Gd
Re^Em, Re^Em, Gll^Fdw, Re, Re, Re, Gd^Fdw, Gd, Ss, Ss, Ss, Hh, Ss, Ss, Hh^Fmw, Gs^Fp, Rp, Rp, Gd, Gd, Ww^Qhux, Ww^Qhux, Ds, Ds, Gd, Gs^Fp, Gd, Gs, Gg^Esa, Gg, Gs^Efm, Gs^Esa, Aa, Aa, Rp, Gg, Gs, Ss, Hhd^Fp, Hhd
Gd^Fdw, Gd^Fdw, Gll^Fdw, Gs^Fp, Re, Gd^Fdw, Gll^Fdw, Gs^Fp, Gs^Fp, Gs^Fp, Gll, Ss, Ss, Ss, Ss, Gd^Fdw, Gs^Esa, Gs, Hh, Ww^Qhux, Ww^Qhux, Ds, Ds, Gs^Fp, Gd, Gd, Gs, Gs, Gg, Gg, Gg, Gd, Rp, Rp, Gg, Gg, Ss, Gs^Fp, Gs^Fp, Gs^Fp
Hh, Gs^Fp, Ss, Ss, Ss, Re, Re, Ss, Ss, Ss, Gs^Fp, Gll^Fdw, Ss, Gs^Fp, Gs^Fp, Gs^Esa, Gg, Gg, Ww^Qhux, Ww^Qhux, Ww^Qhux, Ds, Ds, Gd^Fdw, Gs, Hhd, Hh^Dr, Gg, Gg, Gg, Gg, Gg, Rp^Esa, Gg, Gs^Fp, Ss, Gd^Fdw, Ss, Ss, Gd^Fdw
Mm, Hh^Fp, Gll^Fdw, Ss, Ss, Rp, Re, Rb^Vhcr, Ss, Ss, Gs^Fds, Gs^Fms, Ss, Hhd^Fp, Hhd, Gg^Efm, Gg, Ww^Qhux, Ww^Qhux, Ww^Qhux, Ds, Ds, Hh, Gs, Gg, Hh, Gg, Gg, Ss, Ss, Gd^Fdw, Gg, Rb, Gs^Esa, Gs, Gs^Fp, Ss, Ss, Gs^Fp, Ss
Mm, Mm, Gll, Ss, Gll^Fmw, Gll, Gs, Re, Rb, Ss, Gll^Fmw, Hh^Fmw, Hh, Hhd, Gs^Fp, Gg, Ww^Qhux, Ww^Qhux, Ww^Qhux, Ds, Ds, Gs, Gg, Gg, Gg, Gg^Es, Hh^Fp, Gs^Fp, Hhd, Ss, Gs^Fp, Gs, Rp, Gg, Gg, Gd^Fetd, Gs^Fp, Gg^Ve, Gs^Fp, Hh^Fp
Hh, Hh, Aa, Gll^Fdw, Gs^Fds, Gll^Fdw, Gd, Gg, Ss, Re, Gd^Fdw, Rb, Rb, Rb, Rb, Gg, Ww^Qhux, Ww^Qhux, Ds, Ds, Gd, Gs^Efm, Gs^Efm, Gg, Gg, Gg, Hh, Hh, Gd, Gs^Fp, Rp, Rp, Gd^Fdw, Rp^Edb, Cvr^Edb, Gs^Fp, Gs^Fp, Hh, Gd^Fdw, Hh
Gs^Fp, Ss, Gll, Gs^Fms, Gs^Fp, Hh, Hhd^Esa, Ss, Ss, Re, Rp, Rb, Gg^Ve, Gd^Fdw, Rp, Ww^Qhux, Ww^Qhux, Ww^Qhux, Ds, Ds, Ds, Gd, Gg^Efm, Gg, Gg, Gs, Gs^Fp, Gs, Gg^Ve, Gd, Rp, Gd^Fetd, Gs^Fms, Cvr^Edb, Kvr, Cvr, Gs^Fp, Gd^Fdw, Gll^Fdw, Ss
Ss, Gll^Fdw, Gll^Fdw, Ss, Gll^Fdw, Aa^Fpa, Ha^Esa, Gll, Rp, Rp^Edb, Rp^Edb, Gg^Edb, Gs^Fp, Gs^Fms, Rp, Ww^Qhux, Ww^Qhux, Ds, Hhd, Ds, Gs^Fp, Gd, Gs, Gg, Gg, Hh^Fp, Gg, Gg, Gs^Fp, Gs, Rp, Gs^Fp, Gd^Emf, Cvr, Cvr, Cvr, Gs^Fp, Gd^Fetd, Gs^Fp, Ss
Ss, Ss, Gs, Gll, Gll^Dr, Gs^Fp, Gll, Rp, Hhd, Hhd, Re, Rp, Rp^Edb, Rp, Ww^Qhux, Ww^Qhux, Rp, Hhd, Rp, Gs^Fp, Gd, Hhd, Gs^Fp, Gg, Gg, Gs^Fp, Gg, Gg, Hh, Rb, Rp, Gs^Em, Gs^Fp, Hhd, Hhd, Rp, Ss, Gs^Fp, Gs^Fds, Gs^Fms
Gs^Fp, Gs^Fp, Kvr, Cvr, Cvr^Em, Gg^Ve, Gd^Fdw, Rp, Aa^Fpa, Aa^Fda, Re, Gll, Gs, Gg, Ww^Qhux, Ww^Qhux, Gs, Rp, Gd^Fdw, Rp, Gs^Ve, Gd, Gd^Fdw, Gs^Fdw, Gg, Gg, Gg^Efm, Gs, Mm, Gd^Fdw, Rp, Gs, Gs^Fp, Gd^Fetd, Gs^Fp, Rb, Ss, Ss, Gs^Fp, Gs^Fds
Hh, Gd^Fdw, Rp, Cvr, Hh^Edb, Gll^Edb, Rp, Rp, Aa^Fpa, Aa, Re^Em, Gd, Ww^Qhux, Ww^Qhux, Ds, Ds, Ds^Es, Gs^Fp, Gs^Fp, Gs^Fp, Gs, Gg, Gg, Gg, Gg, Gg^Esa, Gs^Fp, Hhd, Mm, Mm, Rp, Gd^Fdw, Ss, Gs^Fp, Gs, Rb, Rp, Hh, Rp^Edb, Ss
Hh, Rp^Esa, Hh, Rp, Rp, Rp, Hhd, Ha, Re, Re, Hhd, Hhd, Ww^Qhux, Ww^Qhux, Ds, Ds, Ds^Es, Ds^Es, Gs^Fds, Gs^Fp, Gd^Fdw, Gg, Gs^Fp, Gg, Gs^Efm, Gs, Gd^Fdw, Rb, Rb, Rp, Gd^Fdw, Gd^Fdw, Gs^Fp, Gs^Fp, Hhd, Hh, Hh^Fp, Rp, Rb^Edb, Rb^Edb
